2026-09-10 00:14:32 [INFO] Application started
2026-09-10 00:27:51 [INFO] Configuration loaded
2026-09-10 00:43:07 [WARN] Response time exceeded 1000ms
2026-09-10 01:05:24 [INFO] Database connection established
2026-09-10 01:18:46 [INFO] User login succeeded
2026-09-10 01:37:12 [ERROR] Database connection failed
2026-09-10 01:49:35 [INFO] Connection restored
2026-09-10 02:03:58 [INFO] Request completed
2026-09-10 02:21:14 [WARN] Memory usage is high
2026-09-10 02:38:49 [INFO] Cache updated
2026-09-10 02:55:03 [INFO] User login succeeded
2026-09-10 03:08:27 [INFO] Request completed
2026-09-10 03:26:41 [INFO] Session created
2026-09-10 03:44:19 [WARN] Response time exceeded 1000ms
2026-09-10 04:02:36 [INFO] Request completed
2026-09-10 04:17:53 [ERROR] File not found
2026-09-10 04:35:08 [INFO] User logout succeeded
2026-09-10 04:48:22 [INFO] Session closed
2026-09-10 05:06:47 [WARN] Disk usage exceeded 80 percent
2026-09-10 05:23:15 [INFO] Cache hit
2026-09-10 05:41:39 [INFO] Request completed
2026-09-10 05:58:04 [INFO] User login succeeded
2026-09-10 06:12:28 [INFO] Session created
2026-09-10 06:29:51 [WARN] Memory usage is high
2026-09-10 06:47:16 [INFO] Request completed
2026-09-10 07:03:42 [INFO] Cache updated
2026-09-10 07:19:05 [ERROR] Timeout occurred
2026-09-10 07:36:33 [INFO] Request retried
2026-09-10 07:52:48 [INFO] Request completed
2026-09-10 08:07:21 [WARN] Response time exceeded 1000ms
2026-09-10 08:19:57 [INFO] User login succeeded
2026-09-10 08:31:14 [INFO] Request completed
2026-09-10 08:43:38 [INFO] Cache hit
2026-09-10 08:52:06 [WARN] Memory usage is high
2026-09-10 09:01:43 [INFO] Session created
2026-09-10 09:09:18 [INFO] Request completed
2026-09-10 09:17:52 [ERROR] Authentication failed
2026-09-10 09:26:31 [INFO] User login succeeded
2026-09-10 09:34:07 [INFO] Request completed
2026-09-10 09:41:55 [WARN] Disk usage exceeded 80 percent
2026-09-10 09:49:23 [INFO] Cache updated
2026-09-10 09:57:46 [INFO] Request completed
2026-09-10 10:06:12 [INFO] User login succeeded
2026-09-10 10:14:39 [WARN] Response time exceeded 1000ms
2026-09-10 10:23:04 [INFO] Request completed
2026-09-10 10:31:27 [INFO] Session created
2026-09-10 10:40:51 [ERROR] Database connection failed
2026-09-10 10:49:16 [INFO] Connection restored
2026-09-10 10:58:42 [INFO] Request completed
2026-09-10 11:07:05 [WARN] Memory usage is high
2026-09-10 11:16:33 [INFO] Cache hit
2026-09-10 11:25:48 [INFO] Request completed
2026-09-10 11:34:12 [INFO] User logout succeeded
2026-09-10 11:43:57 [WARN] Response time exceeded 1000ms
2026-09-10 11:52:21 [INFO] Session closed
2026-09-10 12:01:46 [INFO] User login succeeded
2026-09-10 12:11:03 [ERROR] File not found
2026-09-10 12:20:38 [INFO] Request completed
2026-09-10 12:29:14 [INFO] Cache updated
2026-09-10 12:38:52 [WARN] Disk usage exceeded 80 percent
2026-09-10 12:47:27 [INFO] Request completed
2026-09-10 12:56:41 [INFO] Session created
2026-09-10 13:06:18 [INFO] Cache hit
2026-09-10 13:15:53 [INFO] Request completed
2026-09-10 13:25:09 [INFO] Request completed
2026-09-10 13:34:46 [INFO] User login succeeded
2026-09-10 13:44:02 [ERROR] Timeout occurred
2026-09-10 13:53:37 [INFO] Request retried
2026-09-10 14:03:14 [INFO] Request completed
2026-09-10 14:12:48 [WARN] Response time exceeded 1000ms
2026-09-10 14:22:05 [INFO] Cache updated
2026-09-10 14:31:39 [INFO] Request completed
2026-09-10 14:41:16 [INFO] User login succeeded
2026-09-10 14:50:52 [WARN] Disk usage exceeded 80 percent
2026-09-10 15:00:27 [INFO] Session created
2026-09-10 15:10:03 [INFO] Request completed
2026-09-10 15:19:41 [ERROR] Database connection failed
2026-09-10 15:29:18 [INFO] Connection restored
2026-09-10 15:38:54 [INFO] Request completed
2026-09-10 15:48:31 [WARN] Memory usage is high
2026-09-10 15:58:07 [INFO] Cache hit
2026-09-10 16:07:43 [INFO] Request completed
2026-09-10 16:17:19 [INFO] User logout succeeded
2026-09-10 16:26:56 [WARN] Response time exceeded 1000ms
2026-09-10 16:36:32 [INFO] Session closed
2026-09-10 16:46:08 [INFO] User login succeeded
2026-09-10 16:55:45 [ERROR] Authentication failed
2026-09-10 17:05:21 [INFO] User login succeeded
2026-09-10 17:14:57 [INFO] Request completed
2026-09-10 17:24:34 [WARN] Disk usage exceeded 80 percent
2026-09-10 17:34:10 [INFO] Cache updated
2026-09-10 17:43:46 [INFO] Request completed
2026-09-10 17:53:23 [WARN] Memory usage is high
2026-09-10 18:02:59 [INFO] Session created
2026-09-10 18:12:35 [INFO] Request completed
2026-09-10 18:22:12 [ERROR] Database connection failed
2026-09-10 18:31:48 [INFO] Connection restored
2026-09-10 18:41:24 [WARN] Response time exceeded 1000ms
2026-09-10 18:51:01 [INFO] Request completed
2026-09-10 19:00:37 [WARN] Disk usage exceeded 80 percent